projects/amazon-trend-analyzer/qb_chunks/page_010_skip010000.csv
ASIN Buyability Flag,asin_status,CVR%,revenue,asp,units,gv,Images #,Videos #,Has A+ Content,Buybox Winner,Average Rating,Number of Ratings,bb_price,Ad CTR%,Ad CVR%,bsr,brand,Ad CPC$,ASIN (Description),Update Type,Sold By Amazon,Has Coupon?,Has Store Link?,In Stock Today?,category,Sellable On Hand Units,asin,date,Ad Cost,Ad Sales,Ad Clicks,Ad Impressions,Ad Conversions
In Stock,ACTIVE,0.33,411.0,6.52,63.0,191.0,7.0,0.0,True,,4.2,6288.0,6.59,,,42.0,Burt's Bees,,B00DTEV5M6 (Burt's Bees Waterless Shampoo Spray for Dogs 10oz),[],True,True,True,False,Grooming,7031.0,B00DTEV5M6,2025-11-24,,,,,
In Stock,ACTIVE,0.447,646.0,6.39,101.0,226.0,7.0,0.0,True,,4.2,6288.0,6.59,,,42.0,Burt's Bees,,B00DTEV5M6 (Burt's Bees Waterless Shampoo Spray for Dogs 10oz),[],True,True,True,False,Grooming,7125.0,B00DTEV5M6,2025-11-23,,,,,
In Stock,ACTIVE,0.324,387.0,6.56,59.0,182.0,7.0,0.0,True,,4.2,6286.0,6.59,,,43.0,Burt's Bees,,B00DTEV5M6 (Burt's Bees Waterless Shampoo Spray for Dogs 10oz),[],True,True,True,False,Grooming,7192.0,B00DTEV5M6,2025-11-22,,,,,
In Stock,ACTIVE,0.399,507.0,6.76,75.0,188.0,7.0,0.0,True,,4.2,6287.0,6.59,,,43.0,Burt's Bees,,B00DTEV5M6 (Burt's Bees Waterless Shampoo Spray for Dogs 10oz),[],True,True,True,False,Grooming,7113.0,B00DTEV5M6,2025-11-21,,,,,
In Stock,ACTIVE,0.471,474.0,6.59,72.0,153.0,7.0,0.0,True,,4.2,6284.0,6.59,,,44.0,Burt's Bees,,B00DTEV5M6 (Burt's Bees Waterless Shampoo Spray for Dogs 10oz),[],True,True,True,False,Grooming,7164.0,B00DTEV5M6,2025-11-20,,,,,
In Stock,ACTIVE,0.272,323.0,6.59,49.0,180.0,7.0,0.0,True,,4.2,6285.0,6.59,,,40.0,Burt's Bees,,B00DTEV5M6 (Burt's Bees Waterless Shampoo Spray for Dogs 10oz),[],True,True,True,False,Grooming,7142.0,B00DTEV5M6,2025-11-19,,,,,
In Stock,ACTIVE,0.232,250.0,6.57,38.0,164.0,7.0,0.0,True,,4.2,6283.0,6.59,,,41.0,Burt's Bees,,B00DTEV5M6 (Burt's Bees Waterless Shampoo Spray for Dogs 10oz),[],True,True,True,False,Grooming,7184.0,B00DTEV5M6,2025-11-18,,,,,
In Stock,ACTIVE,0.352,463.0,6.71,69.0,196.0,7.0,0.0,True,,4.2,6284.0,6.59,,,39.0,Burt's Bees,,B00DTEV5M6 (Burt's Bees Waterless Shampoo Spray for Dogs 10oz),[],True,True,True,False,Grooming,7049.0,B00DTEV5M6,2025-11-17,,,,,
In Stock,ACTIVE,0.361,516.0,6.53,79.0,219.0,7.0,0.0,True,,4.2,6283.0,6.59,,,43.0,Burt's Bees,,B00DTEV5M6 (Burt's Bees Waterless Shampoo Spray for Dogs 10oz),[],True,True,True,False,Grooming,7166.0,B00DTEV5M6,2025-11-16,,,,,
In Stock,ACTIVE,0.431,471.0,6.54,72.0,167.0,7.0,0.0,True,,4.2,6283.0,6.59,,,40.0,Burt's Bees,,B00DTEV5M6 (Burt's Bees Waterless Shampoo Spray for Dogs 10oz),[],True,True,True,False,Grooming,6809.0,B00DTEV5M6,2025-11-15,,,,,
In Stock,ACTIVE,0.254,237.0,6.59,36.0,142.0,7.0,0.0,True,,4.2,6282.0,6.59,,,39.0,Burt's Bees,,B00DTEV5M6 (Burt's Bees Waterless Shampoo Spray for Dogs 10oz),[],True,True,True,False,Grooming,6439.0,B00DTEV5M6,2025-11-14,,,,,
In Stock,ACTIVE,0.23,270.0,6.28,43.0,187.0,7.0,0.0,True,,4.2,6282.0,6.59,,,47.0,Burt's Bees,,B00DTEV5M6 (Burt's Bees Waterless Shampoo Spray for Dogs 10oz),[],True,True,True,True,Grooming,6603.0,B00DTEV5M6,2025-11-13,,,,,
In Stock,ACTIVE,0.404,437.0,6.52,67.0,166.0,7.0,0.0,True,,4.2,6281.0,6.59,,,47.0,Burt's Bees,,B00DTEV5M6 (Burt's Bees Waterless Shampoo Spray for Dogs 10oz),[],True,True,True,True,Grooming,7787.0,B00DTEV5M6,2025-11-12,,,,,
In Stock,ACTIVE,0.324,358.0,6.5,55.0,170.0,7.0,0.0,True,,4.2,6280.0,6.59,,,47.0,Burt's Bees,,B00DTEV5M6 (Burt's Bees Waterless Shampoo Spray for Dogs 10oz),[],True,True,True,True,Grooming,5892.0,B00DTEV5M6,2025-11-11,,,,,
In Stock,ACTIVE,0.263,264.0,6.59,40.0,152.0,7.0,0.0,True,,4.2,6280.0,6.59,,,47.0,Burt's Bees,,B00DTEV5M6 (Burt's Bees Waterless Shampoo Spray for Dogs 10oz),[],True,True,True,True,Grooming,5926.0,B00DTEV5M6,2025-11-10,,,,,
In Stock,ACTIVE,0.219,310.0,6.59,47.0,215.0,7.0,0.0,True,,4.2,6278.0,6.59,,,47.0,Burt's Bees,,B00DTEV5M6 (Burt's Bees Waterless Shampoo Spray for Dogs 10oz),[],True,False,True,True,Grooming,5976.0,B00DTEV5M6,2025-11-09,,,,,
In Stock,ACTIVE,0.206,271.0,6.94,39.0,189.0,7.0,0.0,True,,4.2,6277.0,6.59,,,47.0,Burt's Bees,,B00DTEV5M6 (Burt's Bees Waterless Shampoo Spray for Dogs 10oz),[],True,True,True,True,Grooming,6015.0,B00DTEV5M6,2025-11-08,,,,,
In Stock,ACTIVE,0.377,394.0,6.79,58.0,154.0,7.0,0.0,True,,4.2,6275.0,6.59,,,47.0,Burt's Bees,,B00DTEV5M6 (Burt's Bees Waterless Shampoo Spray for Dogs 10oz),[],True,True,True,False,Grooming,6060.0,B00DTEV5M6,2025-11-07,,,,,
In Stock,ACTIVE,0.236,230.0,6.57,35.0,148.0,7.0,0.0,True,,4.2,6271.0,6.61,,,47.0,Burt's Bees,,B00DTEV5M6 (Burt's Bees Waterless Shampoo Spray for Dogs 10oz),[],True,True,True,False,Grooming,6104.0,B00DTEV5M6,2025-11-05,,,,,
In Stock,ACTIVE,0.445,336.0,6.86,49.0,110.0,7.0,0.0,True,,4.2,6269.0,6.61,,,48.0,Burt's Bees,,B00DTEV5M6 (Burt's Bees Waterless Shampoo Spray for Dogs 10oz),[],True,True,True,False,Grooming,6152.0,B00DTEV5M6,2025-11-04,,,,,
In Stock,ACTIVE,0.38,306.0,6.65,46.0,121.0,7.0,0.0,True,,4.2,6268.0,6.61,,,39.0,Burt's Bees,,B00DTEV5M6 (Burt's Bees Waterless Shampoo Spray for Dogs 10oz),[],True,True,True,False,Grooming,6178.0,B00DTEV5M6,2025-11-03,,,,,
In Stock,ACTIVE,0.313,302.0,6.72,45.0,144.0,7.0,0.0,True,,4.2,6267.0,6.61,,,37.0,Burt's Bees,,B00DTEV5M6 (Burt's Bees Waterless Shampoo Spray for Dogs 10oz),[],True,True,True,False,Grooming,6238.0,B00DTEV5M6,2025-11-02,,,,,
In Stock,ACTIVE,0.342,352.0,6.64,53.0,155.0,7.0,0.0,True,,4.2,6267.0,6.61,,,38.0,Burt's Bees,,B00DTEV5M6 (Burt's Bees Waterless Shampoo Spray for Dogs 10oz),[],True,False,True,False,Grooming,6285.0,B00DTEV5M6,2025-11-01,,,,,
In Stock,ACTIVE,0.431,362.0,6.84,53.0,123.0,7.0,0.0,True,,4.2,6266.0,6.61,,,42.0,Burt's Bees,,B00DTEV5M6 (Burt's Bees Waterless Shampoo Spray for Dogs 10oz),[],True,True,True,False,Grooming,6328.0,B00DTEV5M6,2025-10-31,,,,,
In Stock,ACTIVE,0.326,304.0,6.61,46.0,141.0,7.0,0.0,True,,4.2,6264.0,6.61,,,43.0,Burt's Bees,,B00DTEV5M6 (Burt's Bees Waterless Shampoo Spray for Dogs 10oz),[],True,True,True,False,Grooming,6386.0,B00DTEV5M6,2025-10-30,,,,,
In Stock,ACTIVE,0.341,284.0,6.61,43.0,126.0,7.0,0.0,True,,4.2,6261.0,6.61,,,44.0,Burt's Bees,,B00DTEV5M6 (Burt's Bees Waterless Shampoo Spray for Dogs 10oz),[],True,False,True,False,Grooming,6414.0,B00DTEV5M6,2025-10-29,,,,,
In Stock,ACTIVE,0.362,278.0,6.61,42.0,116.0,7.0,0.0,True,,4.2,6261.0,6.61,,,48.0,Burt's Bees,,B00DTEV5M6 (Burt's Bees Waterless Shampoo Spray for Dogs 10oz),[],True,True,True,False,Grooming,6430.0,B00DTEV5M6,2025-10-28,,,,,
In Stock,ACTIVE,0.459,370.0,6.61,56.0,122.0,7.0,0.0,True,,4.2,6261.0,6.61,,,46.0,Burt's Bees,,B00DTEV5M6 (Burt's Bees Waterless Shampoo Spray for Dogs 10oz),[],True,True,True,False,Grooming,6477.0,B00DTEV5M6,2025-10-27,,,,,
In Stock,ACTIVE,0.244,278.0,6.61,42.0,172.0,7.0,0.0,True,,4.2,6259.0,6.61,,,43.0,Burt's Bees,,B00DTEV5M6 (Burt's Bees Waterless Shampoo Spray for Dogs 10oz),[],True,True,True,False,Grooming,6496.0,B00DTEV5M6,2025-10-26,,,,,
In Stock,ACTIVE,0.346,304.0,6.61,46.0,133.0,7.0,0.0,True,,4.2,6258.0,6.61,,,58.0,Burt's Bees,,B00DTEV5M6 (Burt's Bees Waterless Shampoo Spray for Dogs 10oz),[],True,True,True,False,Grooming,6541.0,B00DTEV5M6,2025-10-25,,,,,
In Stock,ACTIVE,0.457,388.0,6.58,59.0,129.0,7.0,0.0,True,,4.2,6258.0,6.61,,,57.0,Burt's Bees,,B00DTEV5M6 (Burt's Bees Waterless Shampoo Spray for Dogs 10oz),[],True,True,True,False,Grooming,6609.0,B00DTEV5M6,2025-10-24,,,,,
In Stock,ACTIVE,0.28,245.0,6.61,37.0,132.0,7.0,0.0,True,,4.2,6257.0,6.61,,,55.0,Burt's Bees,,B00DTEV5M6 (Burt's Bees Waterless Shampoo Spray for Dogs 10oz),[],True,False,True,False,Grooming,6519.0,B00DTEV5M6,2025-10-23,,,,,
In Stock,ACTIVE,0.328,256.0,6.57,39.0,119.0,7.0,0.0,True,,4.2,6257.0,6.61,,,60.0,Burt's Bees,,B00DTEV5M6 (Burt's Bees Waterless Shampoo Spray for Dogs 10oz),[],True,False,True,True,Grooming,6460.0,B00DTEV5M6,2025-10-22,,,,,
In Stock,ACTIVE,0.317,344.0,6.61,52.0,164.0,7.0,0.0,True,,4.2,6257.0,6.61,,,60.0,Burt's Bees,,B00DTEV5M6 (Burt's Bees Waterless Shampoo Spray for Dogs 10oz),[],True,False,True,True,Grooming,6479.0,B00DTEV5M6,2025-10-21,,,,,
